[INFO] Scanning for projects...
[INFO] 
[INFO] ----------------------< com.faketrace:faketrace >-----------------------
[INFO] Building FakeTrace 0.0.1-SNAPSHOT
[INFO]   from pom.xml
[INFO] --------------------------------[ jar ]---------------------------------
[INFO] 
[INFO] >>> spring-boot:3.3.5:run (default-cli) > test-compile @ faketrace >>>
[INFO] 
[INFO] --- resources:3.3.1:resources (default-resources) @ faketrace ---
[INFO] Copying 1 resource from src\main\resources to target\classes
[INFO] Copying 15 resources from src\main\resources to target\classes
[INFO] 
[INFO] --- compiler:3.13.0:compile (default-compile) @ faketrace ---
[INFO] Nothing to compile - all classes are up to date.
[INFO] 
[INFO] --- resources:3.3.1:testResources (default-testResources) @ faketrace ---
[INFO] skip non existing resourceDirectory C:\Users\sakae G\FakeTrace\src\test\resources
[INFO] 
[INFO] --- compiler:3.13.0:testCompile (default-testCompile) @ faketrace ---
[INFO] No sources to compile
[INFO] 
[INFO] <<< spring-boot:3.3.5:run (default-cli) < test-compile @ faketrace <<<
[INFO] 
[INFO] 
[INFO] --- spring-boot:3.3.5:run (default-cli) @ faketrace ---
[INFO] Attaching agents: []

  .   ____          _            __ _ _
 /\\ / ___'_ __ _ _(_)_ __  __ _ \ \ \ \
( ( )\___ | '_ | '_| | '_ \/ _` | \ \ \ \
 \\/  ___)| |_)| | | | | || (_| |  ) ) ) )
  '  |____| .__|_| |_|_| |_\__, | / / / /
 =========|_|==============|___/=/_/_/_/

 :: Spring Boot ::                (v3.3.5)

2026-05-27T00:15:40.735-03:00  INFO 21012 --- [faketrace] [           main] com.faketrace.FakeTraceApplication       : Starting FakeTraceApplication using Java 21.0.6 with PID 21012 (C:\Users\sakae G\FakeTrace\target\classes started by sakae G in C:\Users\sakae G\FakeTrace)
2026-05-27T00:15:40.747-03:00  INFO 21012 --- [faketrace] [           main] com.faketrace.FakeTraceApplication       : No active profile set, falling back to 1 default profile: "default"
2026-05-27T00:15:41.105-03:00  INFO 21012 --- [faketrace] [           main] .s.d.r.c.RepositoryConfigurationDelegate : Bootstrapping Spring Data Neo4j repositories in DEFAULT mode.
2026-05-27T00:15:41.183-03:00  INFO 21012 --- [faketrace] [           main] .s.d.r.c.RepositoryConfigurationDelegate : Finished Spring Data repository scanning in 74 ms. Found 0 Neo4j repository interfaces.
2026-05-27T00:15:41.189-03:00  INFO 21012 --- [faketrace] [           main] .s.d.r.c.RepositoryConfigurationDelegate : Bootstrapping Spring Data Neo4j repositories in DEFAULT mode.
2026-05-27T00:15:41.204-03:00  INFO 21012 --- [faketrace] [           main] .s.d.r.c.RepositoryConfigurationDelegate : Finished Spring Data repository scanning in 15 ms. Found 4 Neo4j repository interfaces.
2026-05-27T00:15:41.481-03:00  INFO 21012 --- [faketrace] [           main] o.s.b.w.embedded.tomcat.TomcatWebServer  : Tomcat initialized with port 8080 (http)
2026-05-27T00:15:41.490-03:00  INFO 21012 --- [faketrace] [           main] o.apache.catalina.core.StandardService   : Starting service [Tomcat]
2026-05-27T00:15:41.490-03:00  INFO 21012 --- [faketrace] [           main] o.apache.catalina.core.StandardEngine    : Starting Servlet engine: [Apache Tomcat/10.1.31]
2026-05-27T00:15:41.526-03:00  INFO 21012 --- [faketrace] [           main] o.a.c.c.C.[Tomcat].[localhost].[/]       : Initializing Spring embedded WebApplicationContext
2026-05-27T00:15:41.527-03:00  INFO 21012 --- [faketrace] [           main] w.s.c.ServletWebServerApplicationContext : Root WebApplicationContext: initialization completed in 752 ms
2026-05-27T00:15:41.726-03:00  INFO 21012 --- [faketrace] [           main] o.neo4j.driver.internal.DriverFactory    : Routing driver instance 1868288866 created for server address 2be0346a.databases.neo4j.io:7687
2026-05-27T00:15:41.797-03:00  WARN 21012 --- [faketrace] [           main] o.s.d.n.c.mapping.Neo4jPersistentEntity  : The entity com.faketrace.model.Tema is using a Long value for storing internally generated Neo4j ids. The Neo4j internal Long Ids are deprecated, please consider using an external ID generator.
2026-05-27T00:15:41.814-03:00  WARN 21012 --- [faketrace] [           main] o.s.d.n.c.mapping.Neo4jPersistentEntity  : The entity com.faketrace.model.Fuente is using a Long value for storing internally generated Neo4j ids. The Neo4j internal Long Ids are deprecated, please consider using an external ID generator.
2026-05-27T00:15:41.816-03:00  WARN 21012 --- [faketrace] [           main] o.s.d.n.c.mapping.Neo4jPersistentEntity  : The entity com.faketrace.model.Publicacion is using a Long value for storing internally generated Neo4j ids. The Neo4j internal Long Ids are deprecated, please consider using an external ID generator.
2026-05-27T00:15:41.818-03:00  WARN 21012 --- [faketrace] [           main] o.s.d.n.c.mapping.Neo4jPersistentEntity  : The entity com.faketrace.model.Compartio is using a Long value for storing internally generated Neo4j ids. The Neo4j internal Long Ids are deprecated, please consider using an external ID generator.
2026-05-27T00:15:41.821-03:00  WARN 21012 --- [faketrace] [           main] o.s.d.n.c.mapping.Neo4jPersistentEntity  : The entity com.faketrace.model.Usuario is using a Long value for storing internally generated Neo4j ids. The Neo4j internal Long Ids are deprecated, please consider using an external ID generator.
2026-05-27T00:15:41.935-03:00  INFO 21012 --- [faketrace] [           main] o.s.b.a.w.s.WelcomePageHandlerMapping    : Adding welcome page: class path resource [static/index.html]
2026-05-27T00:15:42.107-03:00  INFO 21012 --- [faketrace] [           main] o.s.b.w.embedded.tomcat.TomcatWebServer  : Tomcat started on port 8080 (http) with context path '/'
2026-05-27T00:15:42.111-03:00  INFO 21012 --- [faketrace] [           main] com.faketrace.FakeTraceApplication       : Started FakeTraceApplication in 1.605 seconds (process running for 1.828)
2026-05-27T00:15:49.836-03:00  INFO 21012 --- [faketrace] [nio-8080-exec-1] o.a.c.c.C.[Tomcat].[localhost].[/]       : Initializing Spring DispatcherServlet 'dispatcherServlet'
2026-05-27T00:15:49.837-03:00  INFO 21012 --- [faketrace] [nio-8080-exec-1] o.s.web.servlet.DispatcherServlet        : Initializing Servlet 'dispatcherServlet'
2026-05-27T00:15:49.839-03:00  INFO 21012 --- [faketrace] [nio-8080-exec-1] o.s.web.servlet.DispatcherServlet        : Completed initialization in 1 ms
2026-05-27T00:16:08.761-03:00  WARN 21012 --- [faketrace] [nio-8080-exec-4] o.s.data.neo4j.cypher.deprecation        : Neo.ClientNotification.Statement.FeatureDeprecationWarning: This feature is deprecated and will be removed in future versions.
	MATCH (usuario:`Usuario`) WITH usuario, id(usuario) AS __internalNeo4jId__, id(usuario) AS __elementId__ RETURN count(*)
	                                        ^
The query used a deprecated function. ('id' has been replaced by 'elementId or consider using an application-generated id')
2026-05-27T00:16:08.761-03:00  WARN 21012 --- [faketrace] [nio-8080-exec-4] o.s.data.neo4j.cypher.deprecation        : Neo.ClientNotification.Statement.FeatureDeprecationWarning: This feature is deprecated and will be removed in future versions.
	MATCH (usuario:`Usuario`) WITH usuario, id(usuario) AS __internalNeo4jId__, id(usuario) AS __elementId__ RETURN count(*)
	                                                                            ^
The query used a deprecated function. ('id' has been replaced by 'elementId or consider using an application-generated id')
2026-05-27T00:16:09.502-03:00  WARN 21012 --- [faketrace] [nio-8080-exec-4] o.s.data.neo4j.cypher.deprecation        : Neo.ClientNotification.Statement.FeatureDeprecationWarning: This feature is deprecated and will be removed in future versions.
	MATCH (publicacion:`Publicacion`) WITH publicacion, id(publicacion) AS __internalNeo4jId__, id(publicacion) AS __elementId__ RETURN count(*)
	                                                    ^
The query used a deprecated function. ('id' has been replaced by 'elementId or consider using an application-generated id')
2026-05-27T00:16:09.502-03:00  WARN 21012 --- [faketrace] [nio-8080-exec-4] o.s.data.neo4j.cypher.deprecation        : Neo.ClientNotification.Statement.FeatureDeprecationWarning: This feature is deprecated and will be removed in future versions.
	MATCH (publicacion:`Publicacion`) WITH publicacion, id(publicacion) AS __internalNeo4jId__, id(publicacion) AS __elementId__ RETURN count(*)
	                                                                                            ^
The query used a deprecated function. ('id' has been replaced by 'elementId or consider using an application-generated id')
2026-05-27T00:16:10.248-03:00  WARN 21012 --- [faketrace] [nio-8080-exec-4] o.s.data.neo4j.cypher.deprecation        : Neo.ClientNotification.Statement.FeatureDeprecationWarning: This feature is deprecated and will be removed in future versions.
	MATCH (fuente:`Fuente`) WITH fuente, id(fuente) AS __internalNeo4jId__, id(fuente) AS __elementId__ RETURN count(*)
	                                     ^
The query used a deprecated function. ('id' has been replaced by 'elementId or consider using an application-generated id')
2026-05-27T00:16:10.249-03:00  WARN 21012 --- [faketrace] [nio-8080-exec-4] o.s.data.neo4j.cypher.deprecation        : Neo.ClientNotification.Statement.FeatureDeprecationWarning: This feature is deprecated and will be removed in future versions.
	MATCH (fuente:`Fuente`) WITH fuente, id(fuente) AS __internalNeo4jId__, id(fuente) AS __elementId__ RETURN count(*)
	                                                                        ^
The query used a deprecated function. ('id' has been replaced by 'elementId or consider using an application-generated id')
2026-05-27T00:16:10.990-03:00  WARN 21012 --- [faketrace] [nio-8080-exec-4] o.s.data.neo4j.cypher.deprecation        : Neo.ClientNotification.Statement.FeatureDeprecationWarning: This feature is deprecated and will be removed in future versions.
	MATCH (tema:`Tema`) WITH tema, id(tema) AS __internalNeo4jId__, id(tema) AS __elementId__ RETURN count(*)
	                               ^
The query used a deprecated function. ('id' has been replaced by 'elementId or consider using an application-generated id')
2026-05-27T00:16:10.991-03:00  WARN 21012 --- [faketrace] [nio-8080-exec-4] o.s.data.neo4j.cypher.deprecation        : Neo.ClientNotification.Statement.FeatureDeprecationWarning: This feature is deprecated and will be removed in future versions.
	MATCH (tema:`Tema`) WITH tema, id(tema) AS __internalNeo4jId__, id(tema) AS __elementId__ RETURN count(*)
	                                                                ^
The query used a deprecated function. ('id' has been replaced by 'elementId or consider using an application-generated id')
